/home/phantom/Documents/WindSeer/venv/lib/python3.12/site-packages/pyproj/crs/crs.py:143: FutureWarning: '+init=<authority>:<code>' syntax is deprecated. '<authority>:<code>' is the preferred initialization method. When making the change, be mindful of axis order changes: https://pyproj4.github.io/pyproj/stable/gotchas.html#axis-order-changes-in-proj-6
  in_crs_string = _prepare_from_proj_string(in_crs_string)
/home/phantom/Documents/WindSeer/venv/lib/python3.12/site-packages/pyproj/crs/crs.py:143: FutureWarning: '+init=<authority>:<code>' syntax is deprecated. '<authority>:<code>' is the preferred initialization method. When making the change, be mindful of axis order changes: https://pyproj4.github.io/pyproj/stable/gotchas.html#axis-order-changes-in-proj-6
  in_crs_string = _prepare_from_proj_string(in_crs_string)
Warning: Ignoring XDG_SESSION_TYPE=wayland on Gnome. Use QT_QPA_PLATFORM=wayland to run on Wayland anyway.
/home/phantom/Documents/WindSeer/venv/lib/python3.12/site-packages/apptools/persistence/state_pickler.py:684: VisibleDeprecationWarning: dtype(): align should be passed as Python or NumPy boolean but got `align=0`. Did you mean to pass a tuple to create a subarray type? (Deprecated NumPy 2.4)
  result = pickle.loads(junk, encoding="bytes")
GPy could not get imported, GPR baseline not available
Using YAML config: configs/cpu_sparse_medium_meanfill_lr3e5_fasteps.yaml
HDF5Dataset: return_grid_size not present in kwargs, using default value: False
HDF5Dataset: use_system_random not present in kwargs, using default value: False
HDF5Dataset: /media/phantom/Volume/WindSeer Data/medium500/train_500.hdf5 contains 500 samples
HDF5Dataset: return_grid_size not present in kwargs, using default value: False
HDF5Dataset: use_system_random not present in kwargs, using default value: False
HDF5Dataset: /media/phantom/Volume/WindSeer Data/medium500/validation_100.hdf5 contains 100 samples
-----------------------------------------------------------------------------
INFO: Start training on device cpu
 
Train Settings:
	Warm start:		 False
	Learning rate step size: 750
	Learning rate decay:	 0.25
	Batchsize:		 1
	Epochs:			 100
	Minibatch epoch loss:	 True
 
Loss Settings:
	Loss weighting fn:	 0
	Loss component(s):	 ['L2Loss']
	L2Loss kwargs : {'exclude_terrain': True, 'loss_factor_init': -0.5, 'p': 2}
 
Model Settings:
	 Model prefix:		 cpu_sparse_medium
	 Model type:		 ModelEDNN3D
	 Model args:
		 {'n_x': 32, 'n_y': 32, 'n_z': 32, 'n_downsample_layers': 4, 'n_first_conv_channels': 8, 'channel_multiplier': 2, 'filter_kernel_size': 3, 'interpolation_mode': 'nearest', 'align_corners': False, 'skipping': True, 'use_terrain_mask': True, 'pooling_method': 'striding', 'use_fc_layers': False, 'fc_scaling': 8, 'use_mapping_layer': False, 'potential_flow': False, 'activation_type': 'LeakyReLU', 'activation_args': {'negative_slope': 0.1}, 'verbose': True, 'submodel_type': 'ModelEDNN3D', 'vae': False, 'use_uz_in': False, 'use_sparse_mask': True, 'use_sparse_convolution': False, 'predict_uncertainty': False, 'uncertainty_train_mode': 'alternating', 'logvar_scaling': 10, 'n_stacked': 3, 'pass_full_output': False, 'submodel_terrain_mask': False, 'use_turbulence': False, 'use_pressure': False, 'use_epsilon': False, 'use_nut': False, 'n_epochs': 100, 'grid_size': [16.64444351196289, 16.64444351196289, 11.578947067260742]}
 
Optimizer Settings:
	 Optimizer type:	 adam
	 Optimizer args:
		 {'lr': 3e-05}
 
Dataset Settings:
	Input channels:	 ['terrain', 'ux', 'uy']
	Label channels:	 ['ux', 'uy', 'uz']
	Ux scaling:		 1.0
	Uy scaling:		 1.0
	Uz scaling:		 1.0
	Turbulence scaling:	 1.0
	Pressure scaling:	 1.0
	Epsilon scaling:	 1.0
	Nut scaling:		 1.0
	Horizontal stride:	 1
	Vertical stride:	 1
	Augmentation mode:	 1
	Augmentation params:	 {'subsampling': True, 'rotating': True}
-----------------------------------------------------------------------------
Setup time:  1.2695996761322021 s
[1] Training time: 82.9 s
[1] train loss: 1.784667, validation loss: 0.477397, epoch_time: 89.44 s
[2] Training time: 74.9 s
[2] train loss: 1.543223, validation loss: 0.590074, epoch_time: 81.20 s
[3] Training time: 73.7 s
[3] train loss: 1.040092, validation loss: 0.660315, epoch_time: 79.73 s
[4] Training time: 72.8 s
[4] train loss: 0.585112, validation loss: 0.314347, epoch_time: 78.96 s
[5] Training time: 71.9 s
[5] train loss: 0.842651, validation loss: 1.256381, epoch_time: 77.94 s
[6] Training time: 70.8 s
[6] train loss: 0.564694, validation loss: 0.391959, epoch_time: 76.96 s
[7] Training time: 71.1 s
[7] train loss: 0.902416, validation loss: 0.698680, epoch_time: 77.22 s
[8] Training time: 70.7 s
[8] train loss: 0.677096, validation loss: 0.721502, epoch_time: 76.81 s
[9] Training time: 70.0 s
[9] train loss: 0.724906, validation loss: 0.625338, epoch_time: 76.00 s
[10] Training time: 70.1 s
[10] train loss: 0.697816, validation loss: 0.462920, epoch_time: 76.14 s
[11] Training time: 70.2 s
[11] train loss: 0.601538, validation loss: 0.752614, epoch_time: 76.21 s
[12] Training time: 69.4 s
[12] train loss: 0.711817, validation loss: 0.589031, epoch_time: 75.49 s
[13] Training time: 69.6 s
[13] train loss: 0.628769, validation loss: 0.419755, epoch_time: 75.64 s
[14] Training time: 69.0 s
[14] train loss: 0.823811, validation loss: 0.607090, epoch_time: 74.99 s
[15] Training time: 69.2 s
[15] train loss: 0.806902, validation loss: 0.678217, epoch_time: 75.13 s
[16] Training time: 69.1 s
[16] train loss: 0.361551, validation loss: 0.434357, epoch_time: 75.23 s
[17] Training time: 68.7 s
[17] train loss: 0.781365, validation loss: 0.515429, epoch_time: 74.79 s
[18] Training time: 68.8 s
[18] train loss: 1.780797, validation loss: 1.251479, epoch_time: 74.73 s
[19] Training time: 68.6 s
[19] train loss: 0.660952, validation loss: 0.480984, epoch_time: 74.56 s
[20] Training time: 68.5 s
[20] train loss: 0.711316, validation loss: 0.537883, epoch_time: 74.48 s
[21] Training time: 68.4 s
[21] train loss: 1.348431, validation loss: 0.734117, epoch_time: 74.36 s
[22] Training time: 67.9 s
[22] train loss: 0.799634, validation loss: 0.460785, epoch_time: 73.98 s
[23] Training time: 68.5 s
[23] train loss: 1.116130, validation loss: 0.718012, epoch_time: 74.49 s
[24] Training time: 68.2 s
[24] train loss: 0.592443, validation loss: 0.763547, epoch_time: 74.21 s
[25] Training time: 68.2 s
[25] train loss: 1.440368, validation loss: 0.834523, epoch_time: 74.29 s
[26] Training time: 68.2 s
[26] train loss: 1.257258, validation loss: 1.262213, epoch_time: 74.25 s
[27] Training time: 68.2 s
[27] train loss: 1.827202, validation loss: 0.906367, epoch_time: 74.16 s
[28] Training time: 68.2 s
[28] train loss: 1.373981, validation loss: 1.062486, epoch_time: 74.16 s
[29] Training time: 68.1 s
[29] train loss: 1.188517, validation loss: 0.898691, epoch_time: 74.13 s
[30] Training time: 67.9 s
[30] train loss: 1.140367, validation loss: 1.139811, epoch_time: 73.93 s
[31] Training time: 67.9 s
[31] train loss: 1.004260, validation loss: 1.026580, epoch_time: 73.86 s
[32] Training time: 68.1 s
[32] train loss: 1.018860, validation loss: 1.064153, epoch_time: 74.18 s
[33] Training time: 68.2 s
[33] train loss: 0.982445, validation loss: 2.787784, epoch_time: 74.26 s
[34] Training time: 68.4 s
[34] train loss: 0.565841, validation loss: 1.402232, epoch_time: 74.40 s
[35] Training time: 68.0 s
[35] train loss: 1.535716, validation loss: 0.938479, epoch_time: 74.02 s
[36] Training time: 68.1 s
[36] train loss: 1.264272, validation loss: 0.944079, epoch_time: 74.18 s
[37] Training time: 68.0 s
[37] train loss: 1.928471, validation loss: 1.729464, epoch_time: 74.03 s
[38] Training time: 68.1 s
[38] train loss: 1.136632, validation loss: 1.198775, epoch_time: 74.16 s
[39] Training time: 67.9 s
[39] train loss: 1.355106, validation loss: 1.244897, epoch_time: 73.96 s
[40] Training time: 68.1 s
[40] train loss: 3.352968, validation loss: 0.858790, epoch_time: 74.14 s
[41] Training time: 67.8 s
[41] train loss: 0.914198, validation loss: 0.751339, epoch_time: 73.85 s
[42] Training time: 67.9 s
[42] train loss: 0.961902, validation loss: 0.962238, epoch_time: 73.95 s
[43] Training time: 68.1 s
[43] train loss: 2.580683, validation loss: 1.408180, epoch_time: 74.16 s
[44] Training time: 68.2 s
[44] train loss: 2.582560, validation loss: 1.485599, epoch_time: 74.22 s
[45] Training time: 68.3 s
[45] train loss: 2.317585, validation loss: 1.205733, epoch_time: 74.47 s
[46] Training time: 70.5 s
[46] train loss: 0.770878, validation loss: 1.685728, epoch_time: 76.56 s
[47] Training time: 68.3 s
[47] train loss: 0.881862, validation loss: 1.788247, epoch_time: 74.40 s
[48] Training time: 69.3 s
[48] train loss: 1.063825, validation loss: 1.073696, epoch_time: 75.36 s
[49] Training time: 69.6 s
[49] train loss: 1.698944, validation loss: 1.279835, epoch_time: 75.61 s
[50] Training time: 67.2 s
[50] train loss: 1.497908, validation loss: 1.255929, epoch_time: 73.26 s
[51] Training time: 66.8 s
[51] train loss: 1.522811, validation loss: 1.151049, epoch_time: 72.81 s
[52] Training time: 67.5 s
[52] train loss: 6.057662, validation loss: 1.986441, epoch_time: 73.91 s
[53] Training time: 68.3 s
[53] train loss: 2.555740, validation loss: 2.699784, epoch_time: 74.35 s
[54] Training time: 67.1 s
[54] train loss: 1.259005, validation loss: 1.422095, epoch_time: 73.16 s
[55] Training time: 66.6 s
[55] train loss: 2.579618, validation loss: 1.467376, epoch_time: 72.59 s
[56] Training time: 66.9 s
[56] train loss: 2.210886, validation loss: 1.688735, epoch_time: 72.91 s
[57] Training time: 67.1 s
[57] train loss: 2.739228, validation loss: 1.633189, epoch_time: 73.11 s
[58] Training time: 66.1 s
[58] train loss: 1.554863, validation loss: 4.971807, epoch_time: 72.13 s
[59] Training time: 65.9 s
[59] train loss: 3.465185, validation loss: 1.578187, epoch_time: 71.89 s
[60] Training time: 66.6 s
[60] train loss: 1.282505, validation loss: 1.615584, epoch_time: 72.69 s
[61] Training time: 66.8 s
[61] train loss: 2.677659, validation loss: 1.213094, epoch_time: 72.86 s
[62] Training time: 66.5 s
[62] train loss: 2.265097, validation loss: 1.398718, epoch_time: 72.62 s
[63] Training time: 66.5 s
[63] train loss: 1.642989, validation loss: 1.517963, epoch_time: 72.52 s
[64] Training time: 65.7 s
[64] train loss: 1.340782, validation loss: 1.503378, epoch_time: 71.81 s
[65] Training time: 72.9 s
[65] train loss: 3.989635, validation loss: 1.543989, epoch_time: 83.64 s
[66] Training time: 64.9 s
[66] train loss: 1.929886, validation loss: 2.685397, epoch_time: 74.94 s
[67] Training time: 66.4 s
[67] train loss: 1.459700, validation loss: 4.292455, epoch_time: 76.50 s
[68] Training time: 72.2 s
[68] train loss: 1.474559, validation loss: 2.059710, epoch_time: 86.55 s
[69] Training time: 75.1 s
[69] train loss: 1.369808, validation loss: 1175.824387, epoch_time: 88.75 s
[70] Training time: 74.2 s
[70] train loss: 2.468169, validation loss: 6.091375, epoch_time: 87.37 s
[71] Training time: 72.1 s
[71] train loss: 6.037757, validation loss: 2.218608, epoch_time: 84.99 s
[72] Training time: 72.0 s
[72] train loss: 2.073294, validation loss: 1.660444, epoch_time: 85.08 s
[73] Training time: 73.0 s
[73] train loss: 3.641748, validation loss: 3.521518, epoch_time: 85.95 s
[74] Training time: 69.4 s
[74] train loss: 0.992636, validation loss: 2.626897, epoch_time: 82.24 s
[75] Training time: 69.1 s
[75] train loss: 5.528522, validation loss: 3.088292, epoch_time: 82.03 s
[76] Training time: 69.2 s
[76] train loss: 1.562388, validation loss: 2.418174, epoch_time: 81.99 s
[77] Training time: 69.1 s
[77] train loss: 0.984425, validation loss: 1.648210, epoch_time: 82.07 s
[78] Training time: 69.0 s
[78] train loss: 4.444202, validation loss: 3.069722, epoch_time: 81.83 s
[79] Training time: 69.0 s
[79] train loss: 1.792444, validation loss: 2.962539, epoch_time: 81.94 s
[80] Training time: 69.1 s
[80] train loss: 4.433278, validation loss: 4.072445, epoch_time: 81.98 s
[81] Training time: 69.0 s
[81] train loss: 6.491396, validation loss: 2.546956, epoch_time: 81.91 s
[82] Training time: 69.3 s
[82] train loss: 5.357755, validation loss: 2.697258, epoch_time: 82.17 s
[83] Training time: 69.1 s
[83] train loss: 1.905596, validation loss: 3.607970, epoch_time: 82.05 s
[84] Training time: 69.1 s
[84] train loss: 1.885890, validation loss: 5.173631, epoch_time: 81.86 s
[85] Training time: 69.1 s
[85] train loss: 3.368647, validation loss: 4.240326, epoch_time: 82.01 s
[86] Training time: 69.0 s
[86] train loss: 16.350732, validation loss: 2.599108, epoch_time: 81.89 s
[87] Training time: 69.1 s
[87] train loss: 9.295467, validation loss: 6.070574, epoch_time: 81.89 s
[88] Training time: 68.9 s
[88] train loss: 2.130647, validation loss: 4.775370, epoch_time: 81.93 s
[89] Training time: 69.3 s
[89] train loss: 3.753597, validation loss: 4.486465, epoch_time: 82.28 s
[90] Training time: 70.6 s
[90] train loss: 12.939195, validation loss: 2.992280, epoch_time: 83.63 s
[91] Training time: 70.2 s
[91] train loss: 3.991940, validation loss: 4.465795, epoch_time: 83.30 s
[92] Training time: 71.3 s
[92] train loss: 7.217114, validation loss: 3.243578, epoch_time: 84.39 s
[93] Training time: 79.8 s
[93] train loss: 5.940579, validation loss: 2.554658, epoch_time: 91.85 s
[94] Training time: 72.5 s
[94] train loss: 3.578054, validation loss: 6.970640, epoch_time: 84.37 s
[95] Training time: 71.9 s
[95] train loss: 5.394871, validation loss: 14.053204, epoch_time: 83.88 s
[96] Training time: 71.7 s
[96] train loss: 1.481628, validation loss: 3.459388, epoch_time: 83.59 s
[97] Training time: 71.5 s
[97] train loss: 10.735594, validation loss: 14.422336, epoch_time: 83.39 s
[98] Training time: 71.8 s
[98] train loss: 10.863695, validation loss: 3.668250, epoch_time: 83.69 s
[99] Training time: 71.6 s
[99] train loss: 3.392465, validation loss: 4.074464, epoch_time: 83.51 s
[100] Training time: 71.7 s
[100] train loss: 1.325457, validation loss: 3.619351, epoch_time: 83.70 s
INFO: Finished training in 7785.11950469017 seconds
-------------------------------------------------
HDF5 Dataset sparse mask statistics
	minimum number of cells: 1
	maximum number of cells: 79
	average number of cells: 37.327139999999716
	number of mask created:  50000
-------------------------------------------------

real	129m54.095s
user	345m27.292s
sys	27m18.737s
