/home/phantom/Documents/WindSeer/venv/lib/python3.12/site-packages/pyproj/crs/crs.py:143: FutureWarning: '+init=<authority>:<code>' syntax is deprecated. '<authority>:<code>' is the preferred initialization method. When making the change, be mindful of axis order changes: https://pyproj4.github.io/pyproj/stable/gotchas.html#axis-order-changes-in-proj-6
  in_crs_string = _prepare_from_proj_string(in_crs_string)
/home/phantom/Documents/WindSeer/venv/lib/python3.12/site-packages/pyproj/crs/crs.py:143: FutureWarning: '+init=<authority>:<code>' syntax is deprecated. '<authority>:<code>' is the preferred initialization method. When making the change, be mindful of axis order changes: https://pyproj4.github.io/pyproj/stable/gotchas.html#axis-order-changes-in-proj-6
  in_crs_string = _prepare_from_proj_string(in_crs_string)
Warning: Ignoring XDG_SESSION_TYPE=wayland on Gnome. Use QT_QPA_PLATFORM=wayland to run on Wayland anyway.
/home/phantom/Documents/WindSeer/venv/lib/python3.12/site-packages/apptools/persistence/state_pickler.py:684: VisibleDeprecationWarning: dtype(): align should be passed as Python or NumPy boolean but got `align=0`. Did you mean to pass a tuple to create a subarray type? (Deprecated NumPy 2.4)
  result = pickle.loads(junk, encoding="bytes")
GPy could not get imported, GPR baseline not available
Using YAML config: configs/cpu_sparse_medium_meanfill.yaml
HDF5Dataset: return_grid_size not present in kwargs, using default value: False
HDF5Dataset: use_system_random not present in kwargs, using default value: False
HDF5Dataset: /media/phantom/Volume/WindSeer Data/medium500/train_500.hdf5 contains 500 samples
HDF5Dataset: return_grid_size not present in kwargs, using default value: False
HDF5Dataset: use_system_random not present in kwargs, using default value: False
HDF5Dataset: /media/phantom/Volume/WindSeer Data/medium500/validation_100.hdf5 contains 100 samples
-----------------------------------------------------------------------------
INFO: Start training on device cpu
 
Train Settings:
	Warm start:		 False
	Learning rate step size: 750
	Learning rate decay:	 0.25
	Batchsize:		 1
	Epochs:			 30
	Minibatch epoch loss:	 True
 
Loss Settings:
	Loss weighting fn:	 0
	Loss component(s):	 ['L2Loss']
	L2Loss kwargs : {'exclude_terrain': True, 'loss_factor_init': -0.5, 'p': 2}
 
Model Settings:
	 Model prefix:		 cpu_sparse_medium
	 Model type:		 ModelEDNN3D
	 Model args:
		 {'n_x': 32, 'n_y': 32, 'n_z': 32, 'n_downsample_layers': 4, 'n_first_conv_channels': 8, 'channel_multiplier': 2, 'filter_kernel_size': 3, 'interpolation_mode': 'nearest', 'align_corners': False, 'skipping': True, 'use_terrain_mask': True, 'pooling_method': 'striding', 'use_fc_layers': False, 'fc_scaling': 8, 'use_mapping_layer': False, 'potential_flow': False, 'activation_type': 'LeakyReLU', 'activation_args': {'negative_slope': 0.1}, 'verbose': True, 'submodel_type': 'ModelEDNN3D', 'vae': False, 'use_uz_in': False, 'use_sparse_mask': True, 'use_sparse_convolution': False, 'predict_uncertainty': False, 'uncertainty_train_mode': 'alternating', 'logvar_scaling': 10, 'n_stacked': 3, 'pass_full_output': False, 'submodel_terrain_mask': False, 'use_turbulence': False, 'use_pressure': False, 'use_epsilon': False, 'use_nut': False, 'n_epochs': 30, 'grid_size': [16.64444351196289, 16.64444351196289, 11.578947067260742]}
 
Optimizer Settings:
	 Optimizer type:	 adam
	 Optimizer args:
		 {'lr': 0.0001}
 
Dataset Settings:
	Input channels:	 ['terrain', 'ux', 'uy']
	Label channels:	 ['ux', 'uy', 'uz']
	Ux scaling:		 1.0
	Uy scaling:		 1.0
	Uz scaling:		 1.0
	Turbulence scaling:	 1.0
	Pressure scaling:	 1.0
	Epsilon scaling:	 1.0
	Nut scaling:		 1.0
	Horizontal stride:	 1
	Vertical stride:	 1
	Augmentation mode:	 1
	Augmentation params:	 {'subsampling': True, 'rotating': True}
-----------------------------------------------------------------------------
Setup time:  1.7497344017028809 s
[1] Training time: 95.4 s
[1] train loss: 1.353616, validation loss: 0.862372, epoch_time: 110.18 s
[2] Training time: 84.3 s
[2] train loss: 0.976174, validation loss: 0.327333, epoch_time: 97.73 s
[3] Training time: 79.9 s
[3] train loss: 1.434089, validation loss: 1.749437, epoch_time: 93.69 s
[4] Training time: 76.3 s
[4] train loss: 0.698467, validation loss: 0.267043, epoch_time: 89.99 s
[5] Training time: 74.9 s
[5] train loss: 0.386200, validation loss: 0.308878, epoch_time: 88.64 s
[6] Training time: 74.6 s
[6] train loss: 0.448209, validation loss: 0.376629, epoch_time: 88.27 s
[7] Training time: 74.4 s
[7] train loss: 1.082254, validation loss: 4.449797, epoch_time: 87.69 s
[8] Training time: 74.8 s
[8] train loss: 0.961072, validation loss: 0.327145, epoch_time: 88.58 s
[9] Training time: 75.0 s
[9] train loss: 0.638695, validation loss: 0.357921, epoch_time: 88.77 s
[10] Training time: 74.4 s
[10] train loss: 0.539329, validation loss: 0.417775, epoch_time: 88.08 s
[11] Training time: 74.0 s
[11] train loss: 0.424350, validation loss: 0.449162, epoch_time: 87.69 s
[12] Training time: 75.5 s
[12] train loss: 0.509000, validation loss: 1.177593, epoch_time: 89.25 s
[13] Training time: 75.1 s
[13] train loss: 0.946746, validation loss: 0.336312, epoch_time: 88.71 s
[14] Training time: 74.6 s
[14] train loss: 0.571312, validation loss: 0.278662, epoch_time: 88.23 s
[15] Training time: 75.4 s
[15] train loss: 0.809531, validation loss: 1.969409, epoch_time: 88.94 s
[16] Training time: 50.3 s
[16] train loss: 0.640023, validation loss: 0.510504, epoch_time: 53.02 s
[17] Training time: 31.5 s
[17] train loss: 0.458525, validation loss: 0.445870, epoch_time: 34.22 s
[18] Training time: 23.8 s
[18] train loss: 0.765176, validation loss: 0.347201, epoch_time: 26.57 s
[19] Training time: 24.0 s
[19] train loss: 0.394907, validation loss: 0.789150, epoch_time: 26.87 s
[20] Training time: 24.2 s
[20] train loss: 0.468186, validation loss: 0.359220, epoch_time: 26.92 s
[21] Training time: 24.1 s
[21] train loss: 0.523566, validation loss: 0.392079, epoch_time: 26.94 s
[22] Training time: 24.0 s
[22] train loss: 0.477115, validation loss: 0.351325, epoch_time: 26.69 s
[23] Training time: 23.8 s
[23] train loss: 0.778057, validation loss: 0.377299, epoch_time: 26.27 s
[24] Training time: 24.0 s
[24] train loss: 0.511595, validation loss: 0.443296, epoch_time: 26.87 s
[25] Training time: 24.0 s
[25] train loss: 0.413265, validation loss: 0.379639, epoch_time: 26.68 s
[26] Training time: 23.9 s
[26] train loss: 0.582186, validation loss: 0.387122, epoch_time: 26.31 s
[27] Training time: 23.8 s
[27] train loss: 0.740390, validation loss: 0.395889, epoch_time: 26.57 s
[28] Training time: 23.9 s
[28] train loss: 0.373896, validation loss: 0.565991, epoch_time: 26.60 s
[29] Training time: 23.9 s
[29] train loss: 0.707328, validation loss: 0.445561, epoch_time: 26.65 s
[30] Training time: 23.8 s
[30] train loss: 0.825227, validation loss: 1.774110, epoch_time: 26.60 s
INFO: Finished training in 1798.2242770195007 seconds
-------------------------------------------------
HDF5 Dataset sparse mask statistics
	minimum number of cells: 1
	maximum number of cells: 78
	average number of cells: 37.45579999999996
	number of mask created:  15000
-------------------------------------------------

real	30m10.476s
user	92m17.540s
sys	7m10.230s
