/home/phantom/Documents/WindSeer/venv/lib/python3.12/site-packages/pyproj/crs/crs.py:143: FutureWarning: '+init=<authority>:<code>' syntax is deprecated. '<authority>:<code>' is the preferred initialization method. When making the change, be mindful of axis order changes: https://pyproj4.github.io/pyproj/stable/gotchas.html#axis-order-changes-in-proj-6
  in_crs_string = _prepare_from_proj_string(in_crs_string)
/home/phantom/Documents/WindSeer/venv/lib/python3.12/site-packages/pyproj/crs/crs.py:143: FutureWarning: '+init=<authority>:<code>' syntax is deprecated. '<authority>:<code>' is the preferred initialization method. When making the change, be mindful of axis order changes: https://pyproj4.github.io/pyproj/stable/gotchas.html#axis-order-changes-in-proj-6
  in_crs_string = _prepare_from_proj_string(in_crs_string)
Warning: Ignoring XDG_SESSION_TYPE=wayland on Gnome. Use QT_QPA_PLATFORM=wayland to run on Wayland anyway.
/home/phantom/Documents/WindSeer/venv/lib/python3.12/site-packages/apptools/persistence/state_pickler.py:684: VisibleDeprecationWarning: dtype(): align should be passed as Python or NumPy boolean but got `align=0`. Did you mean to pass a tuple to create a subarray type? (Deprecated NumPy 2.4)
  result = pickle.loads(junk, encoding="bytes")
GPy could not get imported, GPR baseline not available
Using YAML config: configs/cpu_sparse_medium_meanfill_lr3e5.yaml
HDF5Dataset: return_grid_size not present in kwargs, using default value: False
HDF5Dataset: use_system_random not present in kwargs, using default value: False
HDF5Dataset: /media/phantom/Volume/WindSeer Data/medium500/train_500.hdf5 contains 500 samples
HDF5Dataset: return_grid_size not present in kwargs, using default value: False
HDF5Dataset: use_system_random not present in kwargs, using default value: False
HDF5Dataset: /media/phantom/Volume/WindSeer Data/medium500/validation_100.hdf5 contains 100 samples
-----------------------------------------------------------------------------
INFO: Start training on device cpu
 
Train Settings:
	Warm start:		 False
	Learning rate step size: 750
	Learning rate decay:	 0.25
	Batchsize:		 1
	Epochs:			 30
	Minibatch epoch loss:	 True
 
Loss Settings:
	Loss weighting fn:	 0
	Loss component(s):	 ['L2Loss']
	L2Loss kwargs : {'exclude_terrain': True, 'loss_factor_init': -0.5, 'p': 2}
 
Model Settings:
	 Model prefix:		 cpu_sparse_medium
	 Model type:		 ModelEDNN3D
	 Model args:
		 {'n_x': 32, 'n_y': 32, 'n_z': 32, 'n_downsample_layers': 4, 'n_first_conv_channels': 8, 'channel_multiplier': 2, 'filter_kernel_size': 3, 'interpolation_mode': 'nearest', 'align_corners': False, 'skipping': True, 'use_terrain_mask': True, 'pooling_method': 'striding', 'use_fc_layers': False, 'fc_scaling': 8, 'use_mapping_layer': False, 'potential_flow': False, 'activation_type': 'LeakyReLU', 'activation_args': {'negative_slope': 0.1}, 'verbose': True, 'submodel_type': 'ModelEDNN3D', 'vae': False, 'use_uz_in': False, 'use_sparse_mask': True, 'use_sparse_convolution': False, 'predict_uncertainty': False, 'uncertainty_train_mode': 'alternating', 'logvar_scaling': 10, 'n_stacked': 3, 'pass_full_output': False, 'submodel_terrain_mask': False, 'use_turbulence': False, 'use_pressure': False, 'use_epsilon': False, 'use_nut': False, 'n_epochs': 30, 'grid_size': [16.64444351196289, 16.64444351196289, 11.578947067260742]}
 
Optimizer Settings:
	 Optimizer type:	 adam
	 Optimizer args:
		 {'lr': 3e-05}
 
Dataset Settings:
	Input channels:	 ['terrain', 'ux', 'uy']
	Label channels:	 ['ux', 'uy', 'uz']
	Ux scaling:		 1.0
	Uy scaling:		 1.0
	Uz scaling:		 1.0
	Turbulence scaling:	 1.0
	Pressure scaling:	 1.0
	Epsilon scaling:	 1.0
	Nut scaling:		 1.0
	Horizontal stride:	 1
	Vertical stride:	 1
	Augmentation mode:	 1
	Augmentation params:	 {'subsampling': True, 'rotating': True}
-----------------------------------------------------------------------------
Setup time:  1.4456665515899658 s
[1] Training time: 83.3 s
[1] train loss: 1.719296, validation loss: 0.902157, epoch_time: 97.65 s
[2] Training time: 72.7 s
[2] train loss: 1.428224, validation loss: 0.928646, epoch_time: 86.29 s
[3] Training time: 72.5 s
[3] train loss: 1.189944, validation loss: 0.845862, epoch_time: 86.03 s
[4] Training time: 70.8 s
[4] train loss: 0.979906, validation loss: 0.758236, epoch_time: 84.29 s
[5] Training time: 70.3 s
[5] train loss: 1.427981, validation loss: 0.860006, epoch_time: 84.03 s
[6] Training time: 69.0 s
[6] train loss: 0.957540, validation loss: 0.531070, epoch_time: 82.64 s
[7] Training time: 68.3 s
[7] train loss: 0.639801, validation loss: 0.413318, epoch_time: 82.05 s
[8] Training time: 68.4 s
[8] train loss: 0.752440, validation loss: 0.362065, epoch_time: 82.13 s
[9] Training time: 66.8 s
[9] train loss: 0.764268, validation loss: 0.506361, epoch_time: 80.40 s
[10] Training time: 66.8 s
[10] train loss: 0.832388, validation loss: 0.446346, epoch_time: 80.24 s
[11] Training time: 66.4 s
[11] train loss: 0.831877, validation loss: 0.395992, epoch_time: 80.00 s
[12] Training time: 66.9 s
[12] train loss: 0.352188, validation loss: 0.371329, epoch_time: 80.35 s
[13] Training time: 66.1 s
[13] train loss: 0.410338, validation loss: 0.588476, epoch_time: 79.66 s
[14] Training time: 66.4 s
[14] train loss: 0.410929, validation loss: 0.624180, epoch_time: 80.02 s
[15] Training time: 66.7 s
[15] train loss: 0.547271, validation loss: 0.359121, epoch_time: 80.12 s
[16] Training time: 68.8 s
[16] train loss: 0.550786, validation loss: 0.370009, epoch_time: 82.34 s
[17] Training time: 69.0 s
[17] train loss: 0.568813, validation loss: 0.525234, epoch_time: 82.69 s
[18] Training time: 84.0 s
[18] train loss: 0.734774, validation loss: 0.421598, epoch_time: 94.31 s
[19] Training time: 71.7 s
[19] train loss: 0.651206, validation loss: 0.945495, epoch_time: 81.46 s
[20] Training time: 70.6 s
[20] train loss: 0.426256, validation loss: 0.458071, epoch_time: 80.29 s
[21] Training time: 67.5 s
[21] train loss: 0.518821, validation loss: 0.442563, epoch_time: 77.20 s
[22] Training time: 65.9 s
[22] train loss: 0.548677, validation loss: 0.513948, epoch_time: 75.80 s
[23] Training time: 64.1 s
[23] train loss: 0.774368, validation loss: 0.368159, epoch_time: 73.87 s
[24] Training time: 63.0 s
[24] train loss: 0.476917, validation loss: 0.369523, epoch_time: 72.83 s
[25] Training time: 62.0 s
[25] train loss: 0.868448, validation loss: 0.330978, epoch_time: 71.77 s
[26] Training time: 62.2 s
[26] train loss: 0.465947, validation loss: 0.340198, epoch_time: 71.99 s
[27] Training time: 61.0 s
[27] train loss: 0.513354, validation loss: 0.372658, epoch_time: 70.97 s
[28] Training time: 60.5 s
[28] train loss: 0.435968, validation loss: 0.383431, epoch_time: 70.22 s
[29] Training time: 60.4 s
[29] train loss: 0.549264, validation loss: 0.412830, epoch_time: 70.19 s
[30] Training time: 60.1 s
[30] train loss: 0.498679, validation loss: 0.402292, epoch_time: 69.79 s
INFO: Finished training in 2391.613073348999 seconds
-------------------------------------------------
HDF5 Dataset sparse mask statistics
	minimum number of cells: 1
	maximum number of cells: 76
	average number of cells: 37.129066666666624
	number of mask created:  15000
-------------------------------------------------

real	40m5.705s
user	104m25.532s
sys	8m10.080s
