GPy could not get imported, GPR baseline not available
Using YAML config: configs/firebench_B.yaml
HDF5Dataset: return_grid_size not present in kwargs, using default value: False
HDF5Dataset: use_system_random not present in kwargs, using default value: False
HDF5Dataset: firebench 6m dataset/firebench_train.hdf5 contains 420 samples
HDF5Dataset: return_grid_size not present in kwargs, using default value: False
HDF5Dataset: use_system_random not present in kwargs, using default value: False
HDF5Dataset: firebench 6m dataset/firebench_val.hdf5 contains 80 samples
-----------------------------------------------------------------------------
INFO: Start training on device cpu
 
Train Settings:
	Warm start:		 True
	Learning rate step size: 750
	Learning rate decay:	 0.25
	Batchsize:		 1
	Epochs:			 20
	Minibatch epoch loss:	 True
 
Loss Settings:
	Loss weighting fn:	 0
	Loss component(s):	 ['L2Loss']
	L2Loss kwargs : {'exclude_terrain': True, 'loss_factor_init': -0.5, 'p': 2}
 
Model Settings:
	 Model prefix:		 firebench_B
	 Model type:		 ModelEDNN3D
	 Model args:
		 {'n_x': 32, 'n_y': 32, 'n_z': 32, 'n_downsample_layers': 4, 'n_first_conv_channels': 8, 'channel_multiplier': 2, 'filter_kernel_size': 3, 'interpolation_mode': 'nearest', 'align_corners': False, 'skipping': True, 'use_terrain_mask': True, 'pooling_method': 'striding', 'use_fc_layers': False, 'fc_scaling': 8, 'use_mapping_layer': False, 'potential_flow': False, 'activation_type': 'LeakyReLU', 'activation_args': {'negative_slope': 0.1}, 'verbose': True, 'submodel_type': 'ModelEDNN3D', 'vae': False, 'use_uz_in': False, 'use_sparse_mask': True, 'use_sparse_convolution': False, 'predict_uncertainty': False, 'uncertainty_train_mode': 'alternating', 'logvar_scaling': 10, 'n_stacked': 3, 'pass_full_output': False, 'submodel_terrain_mask': False, 'use_turbulence': False, 'use_pressure': False, 'use_epsilon': False, 'use_nut': False, 'n_epochs': 20, 'grid_size': [6.0, 6.0, 6.0]}
 
Optimizer Settings:
	 Optimizer type:	 adam
	 Optimizer args:
		 {'lr': 1e-05}
 
Dataset Settings:
	Input channels:	 ['terrain', 'ux', 'uy']
	Label channels:	 ['ux', 'uy', 'uz']
	Ux scaling:		 1.0
	Uy scaling:		 1.0
	Uz scaling:		 1.0
	Turbulence scaling:	 1.0
	Pressure scaling:	 1.0
	Epsilon scaling:	 1.0
	Nut scaling:		 1.0
	Horizontal stride:	 1
	Vertical stride:	 1
	Augmentation mode:	 1
	Augmentation params:	 {'subsampling': True, 'rotating': True}
-----------------------------------------------------------------------------
Setup time:  0.8819751739501953 s
[1] Training time: 26.5 s
[1] train loss: 1.549193, validation loss: 1.536458, epoch_time: 29.70 s
[2] Training time: 24.9 s
[2] train loss: 1.526464, validation loss: 1.512284, epoch_time: 28.03 s
[3] Training time: 23.8 s
[3] train loss: 1.526852, validation loss: 1.548255, epoch_time: 27.02 s
[4] Training time: 24.5 s
[4] train loss: 1.531208, validation loss: 1.545177, epoch_time: 27.64 s
[5] Training time: 24.7 s
[5] train loss: 1.545353, validation loss: 1.561464, epoch_time: 27.65 s
[6] Training time: 24.6 s
[6] train loss: 1.552458, validation loss: 1.581344, epoch_time: 27.66 s
[7] Training time: 24.7 s
[7] train loss: 1.573544, validation loss: 1.592657, epoch_time: 27.83 s
[8] Training time: 24.6 s
[8] train loss: 1.578358, validation loss: 1.604896, epoch_time: 27.62 s
[9] Training time: 24.5 s
[9] train loss: 1.594729, validation loss: 1.620059, epoch_time: 27.53 s
[10] Training time: 24.5 s
[10] train loss: 1.604331, validation loss: 1.624458, epoch_time: 27.75 s
[11] Training time: 24.7 s
[11] train loss: 1.619980, validation loss: 1.643118, epoch_time: 27.74 s
[12] Training time: 24.8 s
[12] train loss: 1.632214, validation loss: 1.654198, epoch_time: 27.87 s
[13] Training time: 24.4 s
[13] train loss: 1.654486, validation loss: 1.681524, epoch_time: 27.45 s
[14] Training time: 24.3 s
[14] train loss: 1.663604, validation loss: 1.684420, epoch_time: 27.43 s
[15] Training time: 24.3 s
[15] train loss: 1.675675, validation loss: 1.720165, epoch_time: 27.68 s
[16] Training time: 24.7 s
[16] train loss: 1.693775, validation loss: 1.718379, epoch_time: 27.81 s
[17] Training time: 24.3 s
[17] train loss: 1.705298, validation loss: 1.724594, epoch_time: 27.51 s
[18] Training time: 25.5 s
[18] train loss: 1.716396, validation loss: 1.731705, epoch_time: 28.64 s
[19] Training time: 24.9 s
[19] train loss: 1.736221, validation loss: 1.757584, epoch_time: 28.02 s
[20] Training time: 24.7 s
[20] train loss: 1.744681, validation loss: 1.772158, epoch_time: 27.98 s
INFO: Finished training in 557.5864837169647 seconds
-------------------------------------------------
HDF5 Dataset sparse mask statistics
	minimum number of cells: 1
	maximum number of cells: 513
	average number of cells: 251.4927380952383
	number of mask created:  8400
-------------------------------------------------
